// Jest Snapshot v1, https://goo.gl/fbAQLP

exports[`Component Test - InputGroup matches snapshot 1`] = `
<DocumentFragment>
  <div
    class="form-group"
    data-testid="Text-Field-Group-div"
  >
    <input
      class="form-control form-control-lg"
      name=""
      placeholder=""
      type=""
      value=""
    />
  </div>
</DocumentFragment>
`;
